---
source: tests/tui_exec_cell.rs
assertion_line: 157
expression: terminal.backend()
---
"┌ bash ────────────────────────────────────────────────────────────────────────┐"
"│ ⠋ Running... (3ms)                                                           │"
"│ Input: {"cmd":"long_running_command"}                                        │"
"│ ┌──────────────────────────────────────────────────────────────────────────┐ │"
"│ │ Starting process...                                                      │ │"
"│ │ Loading configuration                                                    │ │"
"│ │ Connecting to database                                                   │ │"
"│ │ Executing query                                                          │ │"
"│ │ Processing results                                                       │ │"
"│ │                                                                          │ │"
"│ │                                                                          │ │"
"│ │                                                                          │ │"
"│ │                                                                          │ │"
"│ │                                                                          │ │"
"│ │                                                                          │ │"
"│ │                                                                          │ │"
"│ │                                                                          │ │"
"│ │                                                                          │ │"
"│ └──────────────────────────────────────────────────────────────────────────┘ │"
"└──────────────────────────────────────────────────────────────────────────────┘"
