---
source: tests/tui_exec_cell.rs
assertion_line: 127
expression: terminal.backend()
---
"┌ write_file ──────────────────────────────────────────────────────────────────┐"
"│ ✓ Success (0ms)                                                              │"
"│ {                                                                            │"
"│ "content": "Hello World",                                                    │"
"│ "path": "output.txt"                                                         │"
"│ }                                                                            │"
"│                                                                              │"
"│                                                                              │"
"│                                                                              │"
"│                                                                              │"
"│                                                                              │"
"│                                                                              │"
"│                                                                              │"
"│ ┌ Output ──────────────────────────────────────────────────────────────────┐ │"
"│ │ File written successfully                                                │ │"
"│ │                                                                          │ │"
"│ │                                                                          │ │"
"│ │                                                                          │ │"
"│ │                                                                          │ │"
"│ │                                                                          │ │"
"│ │                                                                          │ │"
"│ │                                                                          │ │"
"│ │                                                                          │ │"
"│ └──────────────────────────────────────────────────────────────────────────┘ │"
"└──────────────────────────────────────────────────────────────────────────────┘"
