---
source: tests/tui_exec_cell.rs
assertion_line: 51
expression: terminal.backend()
---
"┌ bash ────────────────────────────────────────────────────────────────────────┐"
"│ ⠋ Running... (1ms)                                                           │"
"│ Input: {"cmd":"echo hello"}                                                  │"
"│ ┌──────────────────────────────────────────────────────────────────────────┐ │"
"│ │ Processing...                                                            │ │"
"│ │ Step 1 complete                                                          │ │"
"│ │                                                                          │ │"
"│ │                                                                          │ │"
"│ │                                                                          │ │"
"│ │                                                                          │ │"
"│ │                                                                          │ │"
"│ │                                                                          │ │"
"│ │                                                                          │ │"
"│ │                                                                          │ │"
"│ │                                                                          │ │"
"│ │                                                                          │ │"
"│ │                                                                          │ │"
"│ │                                                                          │ │"
"│ └──────────────────────────────────────────────────────────────────────────┘ │"
"└──────────────────────────────────────────────────────────────────────────────┘"
